
> svelette@0.0.1 build
> vite build

vite v8.2.2 building ssr environment for production...
transforming...
✓ 187 modules transformed.
rendering chunks...
vite v8.2.2 building client environment for production...
transforming...
✓ 197 modules transformed.
rendering chunks...
computing gzip size...
.svelte-kit/output/client/_app/version.json                        0.02 kB │ gzip:  0.04 kB
.svelte-kit/output/client/.vite/manifest.json                      2.34 kB │ gzip:  0.50 kB
.svelte-kit/output/client/_app/immutable/assets/2.7oJC_wqA.css    31.76 kB │ gzip:  4.84 kB
.svelte-kit/output/client/_app/immutable/chunks/xihTtKlq.js        0.06 kB │ gzip:  0.08 kB
.svelte-kit/output/client/_app/immutable/entry/start.BjmWhyHR.js   0.07 kB │ gzip:  0.08 kB
.svelte-kit/output/client/_app/immutable/nodes/0.D70jsFsu.js       0.17 kB │ gzip:  0.15 kB
.svelte-kit/output/client/_app/immutable/nodes/1.B19r1tBN.js       0.57 kB │ gzip:  0.32 kB
.svelte-kit/output/client/_app/immutable/chunks/Bjy-W4x2.js        1.36 kB │ gzip:  0.65 kB
.svelte-kit/output/client/_app/immutable/entry/app.CsgLQgaI.js     3.97 kB │ gzip:  1.85 kB
.svelte-kit/output/client/_app/immutable/chunks/B6cb2ya4.js       26.64 kB │ gzip: 10.29 kB
.svelte-kit/output/client/_app/immutable/chunks/LKLrz2eM.js       50.69 kB │ gzip: 19.42 kB
.svelte-kit/output/client/_app/immutable/nodes/2.C5C1WLUb.js      76.60 kB │ gzip: 21.87 kB

✓ built in 308ms
computing gzip size...
.svelte-kit/output/server/.vite/manifest.json                         2.95 kB │ gzip:  0.54 kB
.svelte-kit/output/server/_app/immutable/assets/_page.C26ertPU.css   31.65 kB │ gzip:  4.83 kB
.svelte-kit/output/server/env.js                                      0.22 kB │ gzip:  0.14 kB
.svelte-kit/output/server/entries/pages/_layout.svelte.js             0.23 kB │ gzip:  0.18 kB
.svelte-kit/output/server/chunks/env.js                               0.28 kB │ gzip:  0.17 kB
.svelte-kit/output/server/internal.js                                 0.40 kB │ gzip:  0.19 kB
.svelte-kit/output/server/chunks/internal.js                          0.74 kB │ gzip:  0.34 kB
.svelte-kit/output/server/entries/fallbacks/error.svelte.js           4.21 kB │ gzip:  1.66 kB
.svelte-kit/output/server/chunks/index-server.js                      4.81 kB │ gzip:  1.76 kB
.svelte-kit/output/server/chunks/exports.js                           9.01 kB │ gzip:  2.96 kB
.svelte-kit/output/server/chunks/shared.js                           10.57 kB │ gzip:  3.38 kB
.svelte-kit/output/server/chunks/utils.js                            31.76 kB │ gzip:  9.35 kB
.svelte-kit/output/server/chunks/internal2.js                        35.29 kB │ gzip: 10.07 kB
.svelte-kit/output/server/remote-entry.js                            54.49 kB │ gzip: 12.02 kB
.svelte-kit/output/server/entries/pages/_page.svelte.js             114.53 kB │ gzip: 25.71 kB
.svelte-kit/output/server/chunks/server.js                          118.79 kB │ gzip: 31.10 kB
.svelte-kit/output/server/index.js                                  126.05 kB │ gzip: 31.93 kB

✓ built in 1.86s

Run npm run preview to preview your production build locally.

> Using @sveltejs/adapter-auto
  Could not detect a supported production environment. See https://svelte.dev/docs/kit/adapters to learn how to configure your app to run on the platform of your choosing
  ✔ done
